mtest> mtreset 200

mtest> mtnew 3

mtest> mtp
=========================================
=              Memory Manager           =
=========================================
* Block size            : 200 Bytes
* Number of blocks      : 1
* Free mem in last block: 116
* Recycle list          : 

=========================================
=             class MemTest             =
=========================================
Object list ---
ooo
Array list ---


mtest> mtdel -r 3

mtest> mtp
=========================================
=              Memory Manager           =
=========================================
* Block size            : 200 Bytes
* Number of blocks      : 1
* Free mem in last block: 116
* Recycle list          : 
[  0] = 2         
=========================================
=             class MemTest             =
=========================================
Object list ---
oxx
Array list ---


mtest> mtnew 5 -a 3

mtest> mtp
=========================================
=              Memory Manager           =
=========================================
* Block size            : 200 Bytes
* Number of blocks      : 3
* Free mem in last block: 24
* Recycle list          : 
[  0] = 3         
=========================================
=             class MemTest             =
=========================================
Object list ---
oxx
Array list ---
ooooo

mtest> mtdel -r 2 -a

mtest> mtp
=========================================
=              Memory Manager           =
=========================================
* Block size            : 200 Bytes
* Number of blocks      : 3
* Free mem in last block: 24
* Recycle list          : 
[  0] = 3         [  3] = 2         
=========================================
=             class MemTest             =
=========================================
Object list ---
oxx
Array list ---
oooxx

mtest> mtnew -a 1 3

mtest> mtp
=========================================
=              Memory Manager           =
=========================================
* Block size            : 200 Bytes
* Number of blocks      : 4
* Free mem in last block: 104
* Recycle list          : 
[  0] = 3         [  3] = 2         
=========================================
=             class MemTest             =
=========================================
Object list ---
oxx
Array list ---
oooxxooo

mtest> mtnew -a 5 3

mtest> mtp
=========================================
=              Memory Manager           =
=========================================
* Block size            : 200 Bytes
* Number of blocks      : 7
* Free mem in last block: 56
* Recycle list          : 
[  0] = 3         [  1] = 2         [  3] = 3         
=========================================
=             class MemTest             =
=========================================
Object list ---
oxx
Array list ---
oooxxoooooo

mtest> mtnew -a 7 2

mtest> mtp
=========================================
=              Memory Manager           =
=========================================
* Block size            : 200 Bytes
* Number of blocks      : 9
* Free mem in last block: 0
* Recycle list          : 
[  0] = 3         [  1] = 3         [  3] = 3         
=========================================
=             class MemTest             =
=========================================
Object list ---
oxx
Array list ---
oooxxoooooooo

mtest> mtdel -r 8 -a

mtest> mtp
=========================================
=              Memory Manager           =
=========================================
* Block size            : 200 Bytes
* Number of blocks      : 9
* Free mem in last block: 0
* Recycle list          : 
[  0] = 3         [  1] = 5         [  3] = 4         [  5] = 2         

=========================================
=             class MemTest             =
=========================================
Object list ---
oxx
Array list ---
ooxxxoxxxxooo

mtest> mtdel -i 12 -a

mtest> mtp
=========================================
=              Memory Manager           =
=========================================
* Block size            : 200 Bytes
* Number of blocks      : 9
* Free mem in last block: 0
* Recycle list          : 
[  0] = 3         [  1] = 5         [  3] = 4         [  5] = 2         
[  7] = 1         
=========================================
=             class MemTest             =
=========================================
Object list ---
oxx
Array list ---
ooxxxoxxxxoox

mtest> q -f

