mtest> mtr 0

mtest> mtr 39

mtest> mtr 40

mtest> mtn 1

mtest> mtn 1 -a 1

mtest> mtn 1 -a 0

mtest> mtp
=========================================
=              Memory Manager           =
=========================================
* Block size            : 40 Bytes
* Number of blocks      : 2
* Free mem in last block: 8
* Recycle list          : 

=========================================
=             class MemTest             =
=========================================
Object list ---
o
Array list ---
o

mtest> MTD

mtest> mtd -a

mtest> mtd -r 4

mtest> help mtn
Usage: MTNew <(size_t numObjects)> [-Array (size_t arraySize)]

mtest> mtn 5

mtest> mtr 500

mtest> mtn 5

mtest> mtd -a -Ran 3

mtest> mtd -r -3

mtest> mtd -r 3

mtest> mtp
=========================================
=              Memory Manager           =
=========================================
* Block size            : 500 Bytes
* Number of blocks      : 1
* Free mem in last block: 360
* Recycle list          : 
[  0] = 3         
=========================================
=             class MemTest             =
=========================================
Object list ---
xxoox
Array list ---


mtest> mtn 123

mtest> mtp
=========================================
=              Memory Manager           =
=========================================
* Block size            : 500 Bytes
* Number of blocks      : 8
* Free mem in last block: 332
* Recycle list          : 

=========================================
=             class MemTest             =
=========================================
Object list ---
xxooxooooooooooooooooooooooooooooooooooooooooooooo
oooooooooooooooooooooooooooooooooooooooooooooooooo
oooooooooooooooooooooooooooo
Array list ---


mtest> mtd -r -r 23

mtest> mtd -r 23 -r

mtest> mtd -r 23

mtest> mtp
=========================================
=              Memory Manager           =
=========================================
* Block size            : 500 Bytes
* Number of blocks      : 8
* Free mem in last block: 332
* Recycle list          : 
[  0] = 23        
=========================================
=             class MemTest             =
=========================================
Object list ---
xxxoxooooooooxooxxxoxooooooxoooxoooxooooooooooxooo
oxoooooooooxoooxooooxooooooxooxxoooooooooxooooooxo
ooxooooooooooooooxoooxooooox
Array list ---


mtest> mtd -r 23 -i 5 -a

mtest> mtn 123 -a 999

mtest> mtn 123 -a 0

mtest> mtn 123 -a 10

mtest> mtd -ARR -i 54

mtest> mtp
=========================================
=              Memory Manager           =
=========================================
* Block size            : 500 Bytes
* Number of blocks      : 130
* Free mem in last block: 216
* Recycle list          : 
[  0] = 23        [  1] = 1         [  7] = 121       [ 10] = 1         

=========================================
=             class MemTest             =
=========================================
Object list ---
xxxoxooooooooxooxxxoxooooooxoooxoooxooooooooooxooo
oxoooooooooxoooxooooxooooooxooxxoooooooooxooooooxo
ooxooooooooooooooxoooxooooox
Array list ---
oooooooooooooooooooooooooooooooooooooooooooooooooo
ooooxooooooooooooooooooooooooooooooooooooooooooooo
ooooooooooooooooooooooo

mtest> mtd -a -r 100

mtest> mtp
=========================================
=              Memory Manager           =
=========================================
* Block size            : 500 Bytes
* Number of blocks      : 130
* Free mem in last block: 216
* Recycle list          : 
[  0] = 23        [  1] = 1         [  7] = 121       [ 10] = 70        

=========================================
=             class MemTest             =
=========================================
Object list ---
xxxoxooooooooxooxxxoxooooooxoooxoooxooooooooooxooo
oxoooooooooxoooxooooxooooooxooxxoooooooooxooooooxo
ooxooooooooooooooxoooxooooox
Array list ---
ooxoxooxxoxoxooxooxoxooxooxxxxooxxxxxxooxoxxoxxxox
oxoxxoxooxxooxxxxoxoooxooxxoxoxxxoxoooxoxoxxxoxoox
xxoxxxooxxxxxxxxxxoxoxo

mtest> mtn 60 -a 11

mtest> mtn 60 -a 10

mtest> mtr

mtest> mtn 123 -a 10

mtest> mtd -ARR -i 54

mtest> mtd -a -r 100

mtest> mtp
=========================================
=              Memory Manager           =
=========================================
* Block size            : 500 Bytes
* Number of blocks      : 123
* Free mem in last block: 216
* Recycle list          : 
[  7] = 122       [ 10] = 67        
=========================================
=             class MemTest             =
=========================================
Object list ---

Array list ---
xoooxoxoxxoxxxoxxoxxxxxooxoxxxxoooxoxxxoxoooxoooxo
ooooxxxxoooxxxxxoxooxxxxoooxxxxoxoxoxoxoxxxxoooxxo
xoxooooxoxoxxxooxoxxxox

mtest> mtn 60 -a 10

mtest> mtn 60 -a 10 -i 3

mtest> mtn -a 10 60

mtest> mtp
=========================================
=              Memory Manager           =
=========================================
* Block size            : 500 Bytes
* Number of blocks      : 176
* Free mem in last block: 216
* Recycle list          : 
[  7] = 175       
=========================================
=             class MemTest             =
=========================================
Object list ---

Array list ---
xoooxoxoxxoxxxoxxoxxxxxooxoxxxxoooxoxxxoxoooxoooxo
ooooxxxxoooxxxxxoxooxxxxoooxxxxoxoxoxoxoxxxxoooxxo
xoxooooxoxoxxxooxoxxxoxooooooooooooooooooooooooooo
oooooooooooooooooooooooooooooooooooooooooooooooooo
ooooooooooooooooooooooooooooooooooooooooooo

mtest> mtr 1234

mtest> mtr -123

mtest> mtr 100000

mtest> mtn 60 -a 10

mtest> mtn 30 -a 5130

mtest> mtn 80 -a 2058

mtest> mtp
=========================================
=              Memory Manager           =
=========================================
* Block size            : 100000 Bytes
* Number of blocks      : 80
* Free mem in last block: 42372
* Recycle list          : 
[904] = 1         [1513] = 78        
=========================================
=             class MemTest             =
=========================================
Object list ---

Array list ---
oooooooooooooooooooooooooooooooooooooooooooooooooo
oooooooooooooooooooooooooooooooooooooooooooooooooo
oooooooooooooooooooooooooooooooooooooooo

mtest> mtn -r 20 -a

mtest> mtn -r 50 -a

mtest> mtn 60 -a 10

mtest> mtp
=========================================
=              Memory Manager           =
=========================================
* Block size            : 100000 Bytes
* Number of blocks      : 80
* Free mem in last block: 25332
* Recycle list          : 
[904] = 1         [1513] = 78        
=========================================
=             class MemTest             =
=========================================
Object list ---

Array list ---
oooooooooooooooooooooooooooooooooooooooooooooooooo
oooooooooooooooooooooooooooooooooooooooooooooooooo
oooooooooooooooooooooooooooooooooooooooooooooooooo
oooooooooooooooooooooooooooooooooooooooooooooooooo


mtest> mtn 30 -a 4878

mtest> mtn 80 -a 2058

mtest> mtn 1 -a 266

mtest> mtn 60 -a 11

mtest> mtp
=========================================
=              Memory Manager           =
=========================================
* Block size            : 100000 Bytes
* Number of blocks      : 160
* Free mem in last block: 16200
* Recycle list          : 
[904] = 2         [1513] = 157       
=========================================
=             class MemTest             =
=========================================
Object list ---

Array list ---
oooooooooooooooooooooooooooooooooooooooooooooooooo
oooooooooooooooooooooooooooooooooooooooooooooooooo
oooooooooooooooooooooooooooooooooooooooooooooooooo
oooooooooooooooooooooooooooooooooooooooooooooooooo
oooooooooooooooooooooooooooooooooooooooooooooooooo
oooooooooooooooooooooooooooooooooooooooooooooooooo
ooooooooooooooooooooooooooooooooooooooooo

mtest> mtn 30 -a 4879

mtest> mtn 80 -a 2059

mtest> mtn 10 -a 10

mtest> mtn 32 -a 266

mtest> mtn 54 -a 522

mtest> mtn 76 -a 778

mtest> mtn 98 -a 1034

mtest> mtn 200 -a 3476

mtest> mtd -r 3000 -a

mtest> mtn 218 -a 2324

mtest> mtn 170 -a 404

mtest> mtn 64 -a 532

mtest> mtn 192 -a 660

mtest> mtn 2 -a 1172

mtest> mtn 130 -a 1300

mtest> mtn 24 -a 1428

mtest> mtd -r 300 -a

mtest> mtn 86 -a 788

mtest> mtn 214 -a 916

mtest> mtn 108 -a 1044

mtest> mtn -r 1000

mtest> mtn -r 1000 -a

mtest> mtn 623 -a 256

mtest> mtn 623 -a 1024

mtest> mtn 24 -a 1428

mtest> mtn 30 -a 3 

mtest> mtn 30 -a 3

mtest> mtn 123

mtest> mtd 55 -r

mtest> mtn 20000

mtest> mtd -i 0

mtest> mtd -i 20000

mtest> mtd -i 0

mtest> mtd -a -r 1234

mtest> mtd -r 12345

mtest> mtn 1234

mtest> mtp
=========================================
=              Memory Manager           =
=========================================
* Block size            : 100000 Bytes
* Number of blocks      : 1268
* Free mem in last block: 51224
* Recycle list          : 
[  0] = 8021      [256] = 194       [1024] = 177       [  3] = 22        
[ 10] = 124       [2058] = 157       [266] = 33        [522] = 53        
[778] = 75        [1034] = 97        [ 11] = 59        [2059] = 76        
[270] = 38        [2324] = 94        [532] = 35        [1300] = 59        
[788] = 21        [1044] = 28        [ 34] = 1         [822] = 70        
[578] = 1         [ 80] = 1         [338] = 20        [ 95] = 200       
[1119] = 1         [111] = 2         [378] = 10        [904] = 2         
[654] = 1         [3476] = 199       [404] = 75        [660] = 77        
[1172] = 2         [1428] = 12        [916] = 55        [162] = 1         
[418] = 21        [172] = 1         [438] = 43        [694] = 1         
[202] = 1         [458] = 19        [1227] = 1         [971] = 65        
[715] = 19        [210] = 1         [468] = 32        [1503] = 1         
[1247] = 217       [1512] = 79        [1513] = 157       [241] = 47        
[754] = 1         [498] = 207       
=========================================
=             class MemTest             =
=========================================
Object list ---
xxxoxoooooxxxooooxoxxoooxxxoxxoxoxoooxxxooooxxxoxo
oxxoxxxoxoxxxxooooxxooooxoxxoxxoooxoxoxxxooooooxxo
xxxoxoxxooxooxooooooxooxooxoxooxxxooxxxxoxooxoxxoo
xooxooooxxxxxxoooxooxoooooxoooooxxoooooxoxxxoxoxox
ooxxxoooooxooxooxxoxooxxooxxooxxxooxxoooooxxooxxxo
xxoxxoooxoxoxoxoooxxoxxoooooxxxxoxxoooxooxooxoxoxx
oxxxooxxooooxoooxooxxxoxoxoxooooxxxooxooxooooooxox
xxxxxoxoxoxooooooooxoxooooxoxoooooxxxoxooxooxxxoxx
xoooooxxooxxooooxoooxoxoxoxoxoxxooxooooooxxxoxoxoo
xxooxoxooxxooxoooooxoooxoooooooxooxxxoxoxoooxxoxoo
ooooxxxoooooxoooooxxoxoxxxoooxxxoxxoooxoooooxoxxox
xoxxxoooooxoooxxxxoxxooooxxxoxxoooxxxxoxoooxoxooxx
oxoxxxooxoxxxoxxxxxxooooxoooxxoooooxoooxxxxxxxoooo
xxxooxooxoxoooxooooxoxoxoooooooxoxxooxoxoxxxooxooo
oooooxooooooxxxooxxoxoxxoooxooxoooxoxxxxooooxxooxo
xxooooxoxxxxooxxoxoxoxxxxoooooooxxxooxxooxxooxooxo
xooxoooooxxoooxxxooxxooxooooxoxoooxxoxxxoxxooooxxx
oxooooxxooxxoxxoxooxoooooxxxooxoxoxxxxxoxoxxooxxox
ooooooxxxoxxxooxxxoxxooxxooxxooxxxoooooxooooooxoox
xooooxxoooxxxxxoxoxooxxoxxoxxxxxoooxoooxoxoxxoxooo
ooxooxxooxoxoxxxoxxxooxxoxoxooxoxooooxxxxxxxoooxox
oooxoxxooooxxoxxoxxoxoooxxxoxoooxxoxoxxxoxxoxoxxoo
ooooxoxooooxooxxxxxxxoooxooooxoxooxoxxoxoxooxoxoxx
xxoxoxooxxxoxoxoooxxxoxxoxoxxxooxooooxoxxooooxxxxo
ooxxxxoooooooxoxxxxxxxxoxoxxoxooxoxooooxoxxoxooxxx
ooxooxoxxooxoxoxoooxoxooxxooooxxoxoxoooooxxoxxoooo
oxoooxooxoxxxoooxooxxxoxxoooxxooxxooxoxooxoooooxoo
xxoxxoxxxxxxxooxxoxoxoooooxxooooxoooxoxoxxxoooooox
xooxoxxoxxxxxxxoxxoxxoooxoooooooxooooxooxooxooxooo
xoxxoxxxxoooxoxooxxxxoxxooooxxoooooxoxxoxoxoxooooo
oxxoooxoxxoooxoxoxoxxooxxxoxoxoxxooxxxxxoooxooooxx
oxxooxoooxxxxxoooxxooxxooxoxooooooxoxxxxxoxoooooxx
ooooxooxooooxxooooooxoxooxoxoxxoxoxxxxxxxxooxooooo
xxoxooxxxxooxoxoxoxxoooooxoooxxxxooxooxoxooxoxxxox
oooxxxoooxoxoxoxoxxoxxoooxoxooxxoooxxxxxooooxoooox
oxoxoooxooxooxxxxxoxxoooooxoooxxxoxooxoooxxoxoxxxo
xoooxxooxxxoxxoxxxxooxxoxoooxxoxoxxoxxxooooxxoxoox
xxxxoxxooxooxooxooooxoooxooxoxooxooxoxooooxxoxxxox
ooxxoxxxxxxxxxxxoxxoxxxoxxoxooxooooxoooooooxxxxxox
oxxxoooooxoooooooxoxxoxoooxxxoooxooxxxoxxoooxxxoxo
xxxxxxxooxxooxoxxxxoxoooxxoxooxoooxoxoxoxxxxxxxoox
xxoooooxxoxoxoooxxxooooxxooxoxxoxooxxxoxoxxxoooxxx
xxooxooxxxxxooxoooxxxoxxxooxxoxxoxooooxoxoxxoooxxo
ooxoooxxoxxxooxooxooxoooxoxoxooooxooxooxooxoooxoxx
xooxooxoxooxoxxxoxoxoxxxooxooooxoxooxxoxxxxoxoxxox
oxxxxxoxxxxoxxoxooxoooxxoxoxxxoxxxxxooooxoxoxxoooo
xooxoxxxoxooooxooooxooxxoxoxoxooxoooxxxxxooxooxxxx
xoooxxxooxooxoooxxxxoxxoxxxxxoooxxoxxoxooxxxxxxoxo
oxxoxxxxxoxooxoxooxooxxoxxooxxxoxoxooxoxoxoxooooox
oxoooxxxoooxoxoxoxxxoxxoooxoxoooooooooooxooxoxxxxx
oxoooxooxooxxoxoxooooxxoxoxxxoxxoooxxooxoooxooxoox
ooxoxoxoxxoxooxoooxxxoxoxoooxoooxxxooxoooooxoxxxxo
oxxxxxooxxxooxooxxooooxooooxxooxxooxoxoxoxooxxxxox
oxxxoooxxoxoxoxoxxoxoooxooxxxoxxxxooooxxoxxoxxooxo
ooxxooxxxxoooxooooooxxxoxxxxxoxxoxoxooxooxooxxoxoo
ooooooxooxxoooxxxooxxxoxxxooxxxooxoxxoxoxxoooxxoxx
xxoxxooxoxxxoxooxoxoxooxxxxxxooxxooxxxxooxxoxxoxoo
oxxxxxxoxoxxxoooxxxoxoooooooxxxoxxoxooxxoxoxoxoooo
xxoooxxxxxxooxoxoxoxxxxooxoxoxooxxxooxoxooooxoooox
xoxoooooooxooooxoooxoooxxxooxxoxxoxooxoooxxoxoxxxo
xoxoooooooxxoooxxooxxoxoxoxooxoxxoxoxoxooxooooxxoo
ooxooxxxxoxxoxxxooxoooooooxooxxxxxxooooxxoxoxoxxox
ooxxoooxooxooooxxxxooxooxooxxxoxxoxxxxooxoxoxoxxox
oxxoxoxoooxooxoxxooxxooooxxooooooxxoxxoxxooxxoooxx
xxooxxooxoxxxoooxxooooxoxxxxxxoooxxoxoxoxxoxxooooo
xxoxxoooooooxoooxxxoooooxxooxoxxxooxoxoooxoxxoxxoo
ooooxooxoooxooxoooxxoxoxooxxxoooxooxxoxxxxxooxoxxo
xoxxooooooxoxooxxoxoxxoxxoooooxooooooxxooooooooxxx
oxoxoxxxxoxxxoxxxxooxoxoooxoxxxooxxooooooxxxooxoox
xxxxoooooxoxxxxxxoooxoxxxxxxoxxoxxxxoxooxoxxooooxo
xoxoxxoxoxoxoxxoxoxxooooxoxoxxxxxoxxoxoooooxxxooxx
ooxooxxxoooxoooxxxxoooooxxoxooxooxxxxxooxoxooxooxx
ooxxoxoxoxxooooxoooxooooxoxxooxooxooooooxxoxooxoox
xooooxxxoxooooooxoxoxoooooooxoxooooxooxxooxxoooxoo
xoxxxoooooxoxooxoxoxoxoxxoxooxxxoxxoooxxooxxoxoooo
ooxoxoxoxoxoxoxoxxoxoooxoxxoxoxoooooxxooooxooxoxoo
xxoooooooooxxoxoooxoxooxxooxxxoxooxxooooxxoxoooxoo
oxoooxooxooxxoxoxoxoooooxooxxooxoxooooxxooooxoooxo
xxoooxoxxxoxxxxxooxxooooxxxxxxoxxxxooooxoxoxxxxxoo
ooxxoooxxooxooxxxooooxooxoxxooxooooooooxxxooxxooxx
xooxooxoxxxoooooxxoooooxoxoxxxoxxoxooxxoxooxooooox
xxooxoxxxxoooxxxxoxxooxxoxooooxoxoxoxooxoxoxoxxoox
xoxxooooxooxxxxxxoxxoxoxoooooooooxxooooxoxooxooooo
xooooxoxxxoooxoxooxooxooooxxoxoxoooxxxxxxoxooxooxx
xooxxoxoooxooxoxxxoxxoxoxxooxxoxooxxoooxxoxooxxoxo
xoooooooooooxxxxoxxxxxooxoooooxxxooxooooxooooxxoxo
xxxooxoxoxooooxxooxxooooooxoooxxooooxoooxxoxoxxxxx
xxxxoxxoxxxoxxoooxoxoxoxxoxxoxooxxooooxoooooxoxxoo
oxxoooooooxoxxooxoooxxoxxxxoxoxxxooxooxxooxooxooxx
xoooooxxxxxoooxooxxoxxxoxooxoxooxxxxooooxoooxoooox
xooxxooooxxxxxoooxooooooxoooxoxoooxxxoxoxxxxooxoxx
oxooxoooooxoooooxxoxoxxxooxoxoooxxoxxoxooxooxxoooo
xxoxooooxxoxoxoxoxoxxxxxoxxxxoxxooxxxxxxoxoxoxxxoo
oxxoxoxoxooxooxxxxxxoxxoxoxoxxooxxxooxoxooxooxxxoo
xoxxoxoxxxoooxoooxoxoooxoxoxoooooooooxoxxoxxoooxxx
xoxxoxxooxooooooxoxooooooxxxxooxooooxxxooxoxxoxxox
oxxxoxxxooooooxoxxxoooxxoxxxoooxoxxooxoooxoxoooxxx
ooooxoooxxoxxoooooxoxooooxxoxooxoxoxooxoooooxxoxoo
xoxoooxoxooxxoxxxoooooxxxoxoxxoooooxoxoxxoooooxooo
xxxoxoxxoxoxooxxxoxxooooooxooooxoooxxoxoxooxxxxoox
xxxoooooooooooooooxoxxxooxxxxxoxxooxxxxoxxoxxoxxxo
oooxoxoxoxxoxoxoxxoooxooooxxxxooxxoooooxxxxoxoxoox
xoxxoxoxxxoooxxxooxxxxxxoxoooxxxoxxxoxoxooooooxoxo
ooxxxoxoooooxoooooxooooooxooxxooooxoxoooxoooooooxx
oxxxoooxoxoxooxxxooxoxooxooxxoxoxxoooxoooooxooooxo
oxxooxxxooxoxxxooooooooxooxxxooxooxxooxxoooxoxoxox
oxooxxxooooxooooxoxxooxxoxxoooooxoooxxxoooxoxooxox
xxooooxooooxxoxxxooooxoxoxxoxxxoxooxoxxoxoooooxoxx
xooooxooxoxoxoooxxxooooxxxxxxxxoooooxoxooxxoxoxxxo
oxooxoxxxxoxxoxoxxoxxxxoxxxxxoxoxxoxooxoooxooxooox
xooxoxxoooxooooxoxoooooxoxxxooxoooooxooxoxxooxoxxo
ooxxxxoooxxoooooooxooxooxooooxoooooooxoxoxooooxxoo
xoxoxxoooooooxxxoxoooxxoooxoxxoooxxxxooxxxxoooxooo
xxxxoxooxxxxoxxxoxxooxoxoxoxooxxoxooxooooooxooxoxo
ooxxxxxoooooooooxooxooxoooxoooooooooxoxooxoxxxxoxx
oxxoooxxoxxxxoxoxoxxoooxxxxxoooxxooooxxoxoxxooxoxx
oxooxoxoooxxoooooxoxooxoxoxooxoooxxooxxoxoxoxoxoox
xxooooxoxxooxxxooxxxoxxooxxoxxoxooxxxoxxxxxxoxxoxo
xooooooxoxoooxoxxxxxxoxoxoxooooxxxooooooxoooxoooxo
oooxxxooxoooooooooxooxoxxooxxxxxoxxxooooooxoxoxoox
oooxooooxoxxoxxxxoxoxooxxoxxxooxxxooxoxoxxoxoxxoxo
ooxxxxxxooxxoxxxxxoxxxoooxxxxxoxxoxoxooxxooxxxooxo
oxxoooxxxxxoxxxxooooooooxoxoxoooxoxoooxxxxxxxxoxoo
xooxxxoxxxooxooxoxooxoooxxooxxoxxooxxxoxxxxxxoxoxx
xoxoxxxooxxooxxoxxoxoxxoxoxoooxxooxooxooxxxxooxxoo
xxooxoxxxoxxoxoooooooooooxxooxxxxoxoooxooxxooxoxxo
xxoxxoxoooxoxooxxxoxxoxxooxxooooooxoxoooxoxxoxxxoo
xooooooooooooooxxooooooooxxooxxoxxxxoooooxxoxoxxox
xxxooxxooxoxoxxoxxxoxooxooxoooxoooooxxoxxxxxoxooxo
ooooxxooxoooxxxoxxoooooooooxxxooxxxooxooooxooxoxox
oxooxooxoxooxoxxoxxoxoooxoxxxxooooxooxoooooxoxoxxx
oooooxoooxxxoxoxxxxooxoooxoxoxoxxoxxooxooxooxooxxo
oxxxoxooxooxooxxoxxoooxooxxoxxoxxxxxooooxooxooxoxo
xoooxxoxxxoxooooooxoxooxoxxoxxxxoooxoxoxoxooxxoxox
ooxoxxoxoxxxooxoxxoooxoxxxxxxxxxxxxxoxoxoxxoxxoxoo
oxxxxoxoxooxoxxooxoxxxoxoxxoooxxoooxxoxooooxxooxox
xoooooxoxxoxxoooxxooxooooooooxoooxxoxxooxxxoooxxxo
xoxoxoooxxxoooxoxxoooooooxoxoooxoxxoxxxxooooxxxoxo
xxxxxoxxoooooxxxxoooxxxxxxooxoooxxoxoxooxxooooxoox
xoxoxxxoxxxooooxooxxoooxxxoooxxooxxoxxooooxxxxoxox
xoxxoooxxxxooxoxxxxxoxxoxoxoxxxxoxxooxoxoxxxxxxoxo
xooxxooxooooooooxxxxxooxxoxxoxooxoooooxoxxooxoxooo
oxoxoxxooxxxoooooxxooxoxxxoooxooxoxoooxooxxxxoxoox
xoxoxxxoxoxxxoxxooxooxoooxoxoxooxoooxxxoxooxxoxoxo
xoxoxooooxoxooooooxxooooooxoxxooooooxoxxxxxooxoxox
oxxooxxxxxoxxxxoxooxxoxoooxoooxoxoxxxxxxxooxxoxoox
xoxoooooxxxooxxxooxoxoooooxoxxoxoxxxxooooooooxxxxo
ooxxxxooooxoooxxooxoxxxxoxxoxxxxooxxxxxoxoooooxoxo
xxoxxxxooxoxxxxoooooooxxxxooxoooxooxoooooooxoxooox
oxooooxoxxxoxxoxxoxooxoxooooooooooooxxoxxoooxxxxoo
xoooxoooxoxxxxooooxoxoxooooxxxoooooxxxooxxoxoxoxxo
ooxxooxoxoxoxxxoxoxoxxxooxoxooxxoooxooxxxoxoxxoxox
oooxoxooxxxoooxooooxooxxxxxoxxooxooooxoxooxooxxoox
ooxxooxoxxoxxxxxxxooxxooooooxxxoooxxxoxoxoxooxxoxo
oooxxxxxxxooxooxoxoxxoxoxxxoxoooxoxxxxxxoooxooxxoo
xoooooxxooxooxooooxxoooxxooxxoooxoxoooxoooxxxooxox
xoxooooxxxoxoooooxoxooxooxoxoooxxoxooxooxxoxoxooox
xooxoxxxoooxooooxxooooxxoxooxooxoooxxoxxoxxooxxoxx
xoooxooxoxxoooxooxooooxooooxxxoxooxxxxxxoxoxxxoxxx
oooxxoxooxoooxxxxoxoxoxoooooxooxoxoxxxxooxoooxxooo
oxxooxoxooxxxooooooxoxoxxxoooxoooxoxooxoxooooxoxoo
xoxoxoxoxoooooooxoooxxxoxxoxoxxoooxxxxooxxoxxxoooo
xxxoooooxoxxxxoxxoxxoxoxooxxxoxxxooooxxoooooooxoxo
ooooxoooxxxooxxxxooxoxxoooooxoxooooxxxxoxxxoxxoooo
xxxooxxxxoooxooooxooooooxoxooxoxooxxxxooxxoxooxxxo
xoooxxxooxoxooxoxooxxoxxoxxxxxxxxoxxxooxooooooxoxx
xxooxooxxoxoxooxoxxxoxoxxxoxxxxxoooxoooxxxoooxooxo
oooxxxxooooooooooxooxoxooxxoxoxooxooooxoxooxxooxox
ooooxoooxoxxxoxxoxoxxxoxxooxxoooooxxxxxoooxoxoxoox
oooxxoxooxoxooxoxoooxoooxxoxooooooxoxoxoooxoooooox
oxxoooooooooooxxxoxxoooooooxxooxxxooxxxoxoooxoxxxx
xooxooooxxxxxooxxxxxxxooooxoxoxoooxxxooxoxxooooxxx
xxoooxxoooxxoxoxxooooooooxoooooooooxxoxoxoxoxxxoxx
oxxoooooxooxoooxoooxxoooxooxxoooxxxxxxxxoxooxxxxox
xxoxxxoxoooooxoooxxxoooxxooooxoooxxxooxxoxoxxoooox
ooooooxxxooxooxxoooxooooxoooooxoooxoxxxoxxxxxxxxoo
xoxoxxxoxxoxxoooooxxxoxooxxooxoxxooxxoooxoxxooxxox
xooxoxoxooxxoxooxoxxoxxoxxooooooxxxoxxxoxoooxooooo
xoooxxooxooooxoooooxxxxooooooxoxoxxoxoxoooxxooooxo
oooxoooxxxoooooxxoxoooxxoxoxxxooxoxxoxxxxoooxoxoox
oxoooooxoooxxxoxoxoxxxoxooxxooooxoxoxxooooxxoooxxo
xooxxoxooooooooxooxxoxxoooxxxxooxxxxxoooooxooxooxx
ooxxxooxoooooxxxxxxxxooxoxxooxxooooxxxoooxxoxxxxxx
xxoooxxxxxooxoxoxoxoooxxoxoooxoxxoxooxoxxxoxooxoox
ooxxxoxooooooxoxoooxooooxoxoxxxxoxxxoxxxoooooxxooo
ooxxoxooxxoooxoooxxxxoooooooxoooxxxoxxxxooxxxxxoox
xxxoooxooxooxooxxoooxooxoooxooxooxoxoxxxoxxxooxoox
xoooxxoxxxxxxxooooxooxxooooxxxxxooxxxooxooxxxxxxoo
ooxxoxxoxxoxoooxoxxoooxoxooooxoxoxxoxoxxooooooxxoo
xoxooxxxoooxoxoxooxooxxxoooxxoxxoxoooxxooxoxxoxxoo
xxxoxxooxxooooxxxoxxoooxxxxoxoxoxoxoxoxoxoxooooxxo
xoxxooxoxooooooxoxoxoxxxoxxxxxxxooooxxoxoxxooooooo
xxoxxooooxxooxooxxoxoooxooxxoxooooxooxoxooxoxxxxoo
xooxxxxoxoxoooxoxoooxoxooooxooxoooxxoxoxxxxxxooxxo
xxoooxoxoxooooooxoxoooxoooxxxxxoxxooxoooooxoxooxxx
ooxoooxxoxoooxoxooooxooxxoxooxooooxoxoxoxxxxxxoxoo
xoxxooxxxxxxoxxxoxoxxooooxooxooxxooxoxoxoooooooxoo
xxoxxxoxxxxooxxxoxoooxoxoxooxxxxxxoxxxxooxxoxoxxox
oxxxxooxxxxoxooxoxxoxxxooooooxoxxoooxxooxxxxxxxoxo
ooxxxxxoxxoxxxoooxooooooooooooxxxooxooxoooxxoooxxx
oxxxoxooooxoooxxooxoooxxxoxoxooooxoooooxooxoxxooox
xoxooxoooxxoxoooxooxxoxxooxxxoxoxoxxooooooooxxxoxx
xxxxoooxxoxxxxoooooxxoxoxxoxoxxooxxxooooooxxxoxxoo
xoxxxxxxxoxxoxoxoxxxxxoxoxxoxooooooxxxxooxoooxoxxx
oxxxxxxxoooxxoxoxoxxoxxoooxoxxoooxxooxxxoooxooxoox
oxooooxoxooooxoxoooxoooxoxooxxooxoxxooxooooxooxooo
oxooxxoxooxoxooxooxoxoooxxxxxoooooxooxoooxxoxoxxoo
xoooooxxxoooxoxoxxooooooooxoxoooooxxxoooxxoxoooxxx
oooxooxxoooxoxxxxxxxooooxooxxxxooooxxoxoooxxooxoxo
xxxxoooooxxxxxxxoxxxooxxxxoooooxxxxoxxooxxxoxxoxox
oxxoxoxxxxxxxxxxoooxxoxxxxxoxxxxoooxoxoxxooxxoxoxx
xooxoxoxxoxooooxooxoxooxoxxoooxxooxxooooxooxxxxxoo
ooooooxxxxxxoooooxoooxxxooooxxxxxoxxoxxooxxxoooxoo
xoooxoxxoxxxxxooooooxoxoxxxooooxoxoxxxxooxoooxoxxx
xoooxoxoxxxooxxxoxoxoxoxoxxxxoooxoxxxoxxxxxxooxxoo
oxxooxooooxoxooxoooxoxoxooxxxxooxxxooxoooxoxxoxxox
ooooxxoooxxooxooooxxxxxoooxoxoxoxxxooxxxoooxoooooo
ooooxoooooxxoxxxooxoxoxxooxooxxoxooxoooooooxoooxoo
oxoxxoxxxoxoxoxoxxoooxooxoxxxxxxxoxxooxoxxooxxxxoo
xoxxxxxoxxxoxooxxxoxxoooooxoxxooxxoxxoooxoxoxxooox
oxxoxxoxxooxxxxooxoooooxxooxoooxxoooxoxxoxoxoooxoo
oxoooxoxoxxoooxxxoxxxooooxooooooxxxoooxxoxxxooxoox
xxooxxxooxxoxxoxooooxooxxxooxoooxooxxooooooxooooxx
oooxooxoooooxxxoooooooxxooooxxooxoooooooooxxooxooo
ooxoxxooxxoxxoooxoxoooxxxoxooxoxxxxxooxoxxxxxoooxx
oxoxxxoxxxoxooxoxoxxoooooooxooxoxxxxxxoxoxxoxxoxoo
xxoxoxoxoooxoooxxoxxoxxoxxxoxxxoxxoooooooooxoxxxxo
oxxxxxxooxxoooxxxxxxoxoxxoxoxxoxooxoxoxxooxoxooooo
xxoxxxxxxxxoxooxoxxoxooxooxxoxxoooxxoxooxxxxxxxxxo
xxxooxxxoxooooxoxoxxxooxoooxxxooxoxooxxoxoooxxxoox
oooxxxxxoxoooxoooxooxxxoxxxoxxxxxoxxxxxoxxooxxxoxx
ooxoxoxooxoxxoxxoxxooooxxoooxoxoxoxxooooxxoxxoxxox
xoooxxxoooooxoxooxxoxxoxoxoxoooxooxxooooooooxxxooo
xxoxoooxxoxxooxoxxooxoxoxoxxoxooooxoxoxxxxxxxoooxx
oxxxxoxxoxoxoooooxoxooxooooxoxxxxxooxoxoooooxooxxo
xoxxxoxooxxoxxxoooooooxxxxoxoooooxooxxxoooxoxoxoox
oxoooxxxoxooxxooxxoooooxxxooxooooxxxoxxooooooxxxxo
oxxooxooooxxoooooxooxxxxooxoooxxxooooxxxoooxoxxoxo
ooooxooxxxoooxxxxoooxoxxoxooxoxoxooxxxxoxxxoxxxxox
xxooxxooxoooxooxxxoxooxxxoooxoxooxooxooxoooxxooooo
oooooxooxooxxxooooxooxoxxooxoxoooxxxoxooxxoxxxooxo
oxxooxoxooxxxoxooooooxoxooxoooxxooxoooooxoooxxxoxx
oxxooxoxxooooooxoxooooxooxoxooooxxxxoxxxoooxooxoox
oxoooxxxxoxoooxxooxxooxxxxxoxooxoooxxxxxxooxxoxoxo
xxxxxxxooooooxoooxooxxoxoxoooooxxoxxooxoxxxxoxxoox
xoooxooxxxxooxoxxooxoooooxxxoooxoxxooooxxxxxxooxox
ooxoxxxoooooxxooxoooooxooooxooxoxxxoxxoxxooxxooxxx
oxoxxxxoxoxxoxooxxoxoxoooxxoooxooooxxxoxoxxoxxoxox
oxxoxoooxoooooxoxoxoxxxxoooxxoooxoxoooooxxoooxxoxo
ooxxoxoxooxxxxoooooooooxooooxxoooxooooxoxooxoxoxoo
oxxoooxoxooxoxxxooooxoxoxxxoooxooooxoooxxoxxoxxoxo
xoxxxoxxxoxxoxoxxxxoxxxooooooooxxxooxxxxxoooxoxoxo
xxxxxxoooxxxoxxxxooooooxoxxooooxoooxxxoxoxoxooxxxx
xxooxoxoxxxooxxoxoooxoxoxooxxoxxxxxoxxoxoxxoxoooxo
xxoxxoxxoooxxooooxoooooxxxxooxxxoooooxooooxooxxxoo
oooxxoooxxxxoxxxxxxxxoxooxxxoxxoxxxxoxxoooxooxxxoo
oxoooxooxoxoxxoxoxxxxxxooxoxxooooxxoxxoxoooxoooxoo
xxoxoxooooxoxxxoxxooxoooxoxoxxxoooxoxxoxooooxoxxox
xoooxxoxoxxxoxoooxoooooooxoxoxxxooooooxooxooooxooo
ooooooxxoooxxoxoxoxoxooxooxoxoxoxxxxxoooxooxooxoox
xxoxxooxoooxoxxoooooooxoxooxooxoxxxooxxoooxxxxxxxo
oxxooxooxoxxooxooxooxoxoxooxxoxxxoooxooxxxoooxxxoo
xxxooooxoxoxxxxxoooooxoxoxooooxooooooxoooxooxooxxo
xooxoooxoooxxxoooxoooxoooxxooxoooooxxxoooxxxooooxo
oooooxooxoxoxxoxxxoooxooxoooxoxxooooxooooxxoxxoxxx
ooxxxoxooxoxoxoxoooxxxooooooxoxxoxoooooooxooxooooo
xoooxooxxxooxooxooooooxxoooxxooxxoooxxoxoxoxoxoxox
xxoxooxxxoxoxoooxoxoxxooooxoxooooooxxxxxoxxoooxxoo
oxxxxooooxooxoooooxxoooxoooxxoooxoxxxxooxxxxoxxxxo
xoooxxxoooooxoooooooxxxoooooxxooxoxooxxxxooxoooxxx
xxooooxooxooxxxoooxxooxooxxxxxxxxxxxooooooxooxooxo
xxooooxooxooxxooooooooxoxxooxxxooxxoooxooxooxooooo
xooxoxxoooooxoxoxoooooxxxxoxoxooxoxooxooxxoxoxoxxx
xoxxoxxxoooooooxxooxooxoxxooooxxoooooxxoooxoxoxooo
xoooxooxoxooooooxxoooxxxoxxxooooooxxxxxxxooxxxooox
xooxxxooooxoxxxxoxxooxoooooooxoxoxxooxxxoxoooooxxo
xoxooxooxxxoooxoxxoxooxxxxoxxxoxxxxoxoooxxxxoooxoo
xxoxoooxooxxooxxxoooxoxoxoxoxxoxxooxoxooooxxooxoxo
xxxxxxoooxxoxooxooxxoxxxxxoooxxxoxxoxoooxxooxooxox
xooooooxxoooooxoxoooxooooxxxoooooxxooooooxxoxxxoox
ooooooxoxooxooxoxoxoooxxxooxxoooxooooxxooooxoxoxox
ooxoxxxoxoxoxxoxxooxxoooxxxoxooxxoxxooxooooxooooxo
ooxoxooxoxoxooxxoxxooxoooxooooooooooxooxxoxooooxox
xoxooxoooxxooxoxxoxxoxooxooooxxoooxxxoxooooxoooxox
xoooooxoxxxxooxxoxxxxxxxxxxxxooxxxoxooxoxxxoooxoxo
xxooxxxooxxxoxoxxxooxooxxxoxxoxoooooooxxxooooxxxox
oxxooooxoxxooxoxoxoxxxxoxoooxxooxxooxooxooxooxoxoo
oxxxxxoooxxoxxoxooxoxxxxxxxxoxoooxooxxxoooxxxooooo
oxoxxxxoxxxoxoooxooxooxxooxoxoxoxxxxxxxooooooxxxoo
oxoxoxoooxxxooooxxoxoxxoooxoxoxoxoooooxxooxxooxxxx
oxoooooxxxoxoxoxxxxxoxoooxoxooxooxxxoxxooxxxxxxoxx
oxoxooooooxxoxxxooxooxxxoxxooxxoooooxooxxooooxoxoo
oxoxooxoxooxooxxooxxxooxooxxoooxoxooooxooooxoxxxoo
xxxxoooxoooxxxoxxooxooxxoxoxoxxxoxxxxoxxoooxooxoxx
ooooxooxxxxxoxooxxxxxxoxooxxxxxxoxooxooxoxoxxooxoo
oxoooxxxxxxxxoxooooxxxoooxxxoooxoxooxooxoxoxxxxoxx
xxoxooxoxxxooxxoooxoxooxoxxoxoooxooxxoxooxxooxxxxo
ooxxoooxxoxooxxxoxxxxooooxxxooxxxoooooooxxoxxooxox
oooxxxxoxoooxxoxooxooooxxxoxxxoxxoxooxxxxooooooxox
xooxoooxxxxoxoxxxxooxoxxxxooxxxoooooxooxooooooxxxo
xxoooxooxxxooxxxoxxxoooxoxoxoxxoooxoxxooooxoooxooo
oxoooxxxxoxxoxxooooooooxooxxooxooooxoxoooooxoooxxx
ooooxoooxxxxoxoooxxoxooxxxoxoxxooxxxoxxooxoxoxoxox
xoooxooxxooooxxoooxoxxooooooxoxxxxoxxxoxoxxxoxooxx
ooxxxooooxoxooxxooxxoooooxooooooxxxxoxxxooooxxoxoo
oxoooxooooooooooooxooxxoxooxooxoxoooooooxoxoxoxoox
oxxooxxxoxxxxxooxooooxooxxxoooxxxoxxoooxooxxxooooo
xoxxxooxooxxooxxoxxooooxxooxooooooooooxoooooxoxxxo
xxoooxoxoooxxoxoxoxooxxxooxxooxoxoxxooxooxoxxoxxxo
xxxxoxxooooooxooxooooxxoxxoxoxoxooxoxxoxooxxxoxoxo
oxoxxooxoxooxoxxxoooxoxoooxxoxooooxxxxoooxxooxxooo
xxxxxoooxooxoxooooooxxoxxxooooooxoxooooooooxxoxooo
oxxxooxoooxoxooooxxxxxoooxoooxxooxoxxxxoxoooxoxxxo
xxxxxxooxxxxxooxoooooooooxxxxxooxooxxoxooxxooooooo
xooxoxxxxxoxoooxoxxxooxxooooxxxoxxoxoooxoooooxxoox
xxoooooxooxoooxoxxxoxxxxoxxoxxxoooooxooooooooxxoxo
oxooxxooxooxooooxxxxxxoxoxxxoooooxoxxoxoxxxoxxxooo
xooxooxxxxxoxoxxoxoooxoxxoxoxooxxoooxxooooxxxoxooo
xoxxxoxxooooxooxoooxoxxxooxxxxooxooxxxooxxxxooxooo
xooooxxooooxoooooooooooxxxoxxxooooxooooxoooxxoooxo
xoooooxxoooooooxoxxooxxoxxoxxxoxoxooxxoxooxxxxoooo
ooxoxoooxoxxoooxxooxxxxoxxxxxooxooooxoxxoooooxxoox
ooooxxxxxxxoxxoooxxxxooxxxooooxoooooooxoooooxoooox
oxxxxoooooxxoxoxxxxxooxoxxxoxoooooxooxoxoxxxoxoxoo
ooxxooxxoxoxxxxoooxxooxxxoooxxooooxoxoooxooxxxoxoo
ooxxoxxoooooxooxxooxoooxxoooxxxoxoxxxoxxooxxxxxxoo
oooxoooooxoooxoxxoxoooxxxxooooxxxooooooxoxxxxooooo
xooxooooxooxooooxxoxxoxxoxoxoooxxooooooxxooxooxxoo
xxoxxxoxxxoxoxxooxooxoxooooxooxxxxoooxoooxoxxxxoxx
oxoxoxxxxxxxoxooxooooooooxoooooxxxxxxxxooxxxxooooo
ooxooxxxxxoxooooxxoxoxoxoxoxxxooooooxooxoooxooxoox
xxoxxxxxooxoooooxoxxooxxxoxxxoxoxxoxxoxxxoooooooox
xooxxxxoooxoxoxxxoooooxxxooxoxxxoxooxxxxxxooxoxxox
oxxoxxoxoooxoxxxxooxxxooxxooxoooxxxoooxoxxoxooxxoo
oooooxoxxoxooooooxxxoooxooooxxoxxooxxxxoxxooooxooo
oxxxoooxooxoxxxoooxxooxxxoxxooxoooooooooooxxxoxoox
xoxxooooxoxooxxoxooxxxxooxxoxoooxoxxxoxooxoxxxxoxo
ooxoxxoxoxoxoxxxxooooxoxooxoooooooxoxxoxxxooooxxoo
xxooxoooxoooxoxooooxooxoxooxoxoxooxooooxxxoxoxoxoo
oxxoxxoxxxxooxoxooxxxxoooooooxxooooooxoxxxoxooxooo
xxoxxxxxoxxoxxoooooooxxxxxxoxxooxoxxxooxxxooooxooo
xxxxxoxxxooxooooxxooxoxxxoxoxoxxooxooxooxxoxooooxo
oxxooxxxxoooxxxoxxoxooxxxxooooxxxxoxooxoooxxxxxxxx
oxooooxxxxoxxooxoxxxoxoxxxooxooxxooxoooxoxooxxxoxx
xxoxooxxxxooxoxoooxxxxoxoxxooxxxoxoxoxxoooxxxoooxx
oxoooxxxooxxoxoxoxoooooooooxxxxxoooxooxxxoxoxxxoox
xoxoxoooxoooxoooxxxooxoxoooxoooxoxxxoooxoooxxxoxxo
ooxooxxoooxxxoooxooxxoxoooxoxxoxoxooxxoooxxoxxooxx
oxxxooxxooxoxxxxoxoxxoooxxxooooxooxooxxxxoxxxoooxx
ooooxoooxoooxxxxxxoxxoxxxxxoxoooxoxooxoxooxooooxxo
xxooxxoxooxooxoxooooooxoxoxxxxxxxooooxxoooxooxoxox
oxxoooooxxoooooxooxoxxxoooxoxxooxxooxooxxxoxxoxoxx
oxoxoooooxxoooxooxxxxxxoxoxoxxooxooxxoxxoxxxxoxxxx
oxoxxoooxoooooxxoxoxoooooxxoooxooxoxxooxoxxoooxooo
xoooxoxxoooxxoxoooooooxxooxxoxxxxoooxxxxxxooooxoxx
xxoxooxxxoxxoxxxoooooooxxxxoxxoxxooxoooxoxxooxoxox
ooxooooxooxooooxooxxxxxooxooxxxoxxoxoxooxxoooxxxxo
oxooxooxoxxooxoxxoxoxxoooooxoxxooxxoxooooxoooxxoxo
ooxxoooxoxooooxooxxoooooooxoxoooxxxxooxoxoxxxxxoox
xoxxooooxxoooxxoxoooxxoooooxooooooxoooxoooxxooxxoo
xoxxooxoxoooooxxooxxooxoooxoxoxxxooxooooxoxxoxxooo
oxxoxoxooxoxoxoxoxoxooxoxxoooooooooooxxxooxoxoooox
ooxooxoooxoxoxxxxxxooxoxooooooxxooxoxoxooooxxoxxoo
xxoooooxoxxoxooxooxxooxxxooooxoxxxxxoooxxoxoxxoooo
oooooxxoxoooxoxxxooxoxxxxoooooxoxxxxooooooxoooxoox
xxoxoxxxoxxooxxoxoxxxoxoxxooxoooooxoxoxxoxooxoxoxo
oxoxooxooooxxoooooxooxoxoooooxoxoxxoooooooooooxooo
ooooxoxxxoxooxooooooxxooxxoxooooxoxooxoxxxxxxxxxox
oxooooxoxooxxoxooxoooooxooooxoxxooxooxxxxooooxxxoo
xooxxxxooxxooxooxooxooooxoxxoxooxxxxoooooooxxoxoxx
ooxoooxooxxxoxxxooooxxooooxxooooooxxooooxxoooxoooo
oooooxxxooxxxxxoxxoxoxoxxooxooxoooxoxoooxxoxoxoxxo
xooooooooooxoxxxooxoxxooxoxooxoxxooxoxoooxooxoxoxx
xooooxxoxooxooxooxxoxoxooxxxoxooooxxoooxoxxoxoxoxo
xoxxoxoooxooxoooxxoooooooooxoooxxoxooxxxoxooxoooox
ooxoxxxoxxxxooxooooxoxxoxxoxoxoxoxxoxoxooxxoooxoox
ooooxoooxooxoxxooxxoxxxooooxoxxooxxoooxxxooxoxxoox
oxoooxxxooooxoooxxxoxxxoxxxxooxoxoxoxooxoxoxooxxoo
ooxooxxxooxooooxoooooxxoxoooooxxoooxxxxxooxoooxoxo
oxxoxxoxxxxxxooxxooxxoxxxooxoooxxxooxxooxxxxooooox
xoxoxoxoooooxooooxoooxxxxoxoxoooxxxooxoxoooxoxxxxx
xxxxoxxoooxoooooooxoooxxxxxooooxxxoooxxxoxoooxoxoo
oxxxoxoooxxxxxoooooooxxoxoxoooxoxxoxxoooxxooxxxxxo
oxoxoooxxooxxxxxxoxxoooooxxoxxxoxoxoxxxoxooxxxoooo
xxxxooxooooxxxoooxxoxxxoooxooxoooxooxxxxxoxxoooxox
oxoxxooooooooxxxxoooxooxooxxxxooxooooxxxxoxooxooxx
oooooooxxoxoxxoxoooooxooxoxxoxxoxoxxooooooxooxooxo
xxoooooxoxxxooxoooxoxooxxoxooooooxxooxoxxooxxoxxxx
xooooxxooooxoooxooxoxoooxxooxoooxxoxoxoxooooxxoooo
oxooooooxooooxoxoooooooooxxxoooxoxoxxxooxoxooooxxx
xooooxoxooxxxxooooxxooooxoxxooxoooxxxooooxxoooooxo
xoxoxxxxoxxoxxxxxxxxoxoooxxooxxooxxoooooxoooxooxoo
ooxoooooxxooooxoxoxoxoxxxxxxoooooxxxxxoooooooxxoox
xooxoxooxxoooxxxoxoxooxooxxxooooxooxxxxoxoxooooxox
xoxxooxooxooxxoxoxoxoooxxoxxooooxooxoxoxoxxxoxoooo
oxoxooooooxxxoooxoxxooxoooxooooxoxoooxoxoooooxxxoo
ooxooxoooxxoooxoooooxxxxoxoxxoxxooxooxooxxxxoxoooo
xooxoooxoxxxooxxxoooooxoooxxxoxoxxxxooxoxooxxoxxxo
xxxxxoxxooxxoooxoxoooxxxooxxooxooxooxxxoooxooooxoo
oxxxooxooooxoxoxxoxxxxxoxxxxoxxxooxxxxoxooxoxxxoox
xoxoxoxooxxxxoxxxoxxxoxxoooxooooxxxooxoxoxooxooxox
oxxooxoxxxooooooxxxoxoxxxxoooxooxxxxxxxooxxoooxxox
xoxoxoxoooxxooooxoooooxooooooooooooooooooooooooooo
oooooooooooooooooooooooooooooooooooooooooooooooooo
oooooooooooooooooooooooooooooooooooooooooooooooooo
oooooooooooooooooooooooooooooooooooooooooooooooooo
oooooooooooooooooooooooooooooooooooooooooooooooooo
oooooooooooooooooooooooooooooooooooooooooooooooooo
oooooooooooooooooooooooooooooooooooooooooooooooooo
oooooooooooooooooooooooooooooooooooooooooooooooooo
oooooooooooooooooooooooooooooooooooooooooooooooooo
oooooooooooooooooooooooooooooooooooooooooooooooooo
oooooooooooooooooooooooooooooooooooooooooooooooooo
oooooooooooooooooooooooooooooooooooooooooooooooooo
oooooooooooooooooooooooooooooooooooooooooooooooooo
oooooooooooooooooooooooooooooooooooooooooooooooooo
oooooooooooooooooooooooooooooooooooooooooooooooooo
oooooooooooooooooooooooooooooooooooooooooooooooooo
oooooooooooooooooooooooooooooooooooooooooooooooooo
oooooooooooooooooooooooooooooooooooooooooooooooooo
oooooooooooooooooooooooooooooooooooooooooooooooooo
oooooooooooooooooooooooooooooooooooooooooooooooooo
oooooooooooooooooooooooooooooooooooooooooooooooooo
oooooooooooooooooooooooooooooooooooooooooooooooooo
oooooooooooooooooooooooooooooooooooooooooooooooooo
oooooooooooooooooooooooooooooooooooooooooooooooooo
oooooooooooooooooooooooooooooooooooooooooooooooooo
ooooooo
Array list ---
xxxxxxxxxxxxxxxxxxxxxxxoxxxxxxxxxxxxxoxxxxxxxxxxxx
xxxxxxxxxoxxxxxxxxxxxxxxxxxxxxxxxxxxxxxxxxxoxxxxxx
xxxxxxxxxxxxxxxxxxxxxxxxxxxxxxxxxxxxxxxxxxxxxxxxxx
xxxxxxxxxxxxxxxxxxxxxxxxxxxxxxxxoxxxxxxxoxxxoxxxxx
xxxoxxxxxxxxxxxxxxxxxxxxxxxxxxxxxxxxxxxxxxxxxxxxxx
xxxxxxxxxxxxxxxxxxxxxxxxxoxxxxxxxxxxxxxxxxxxxxxxxx
xxxxxxxxxxxxxxxxxxxxxxxxxxxxxxxoxxxxxxxxxxxxxxoxxx
xxxoxxxxxxxxxxxxxxxxxxxxxxxxxxxxxxxxxxxxxxxoxxxxxx
xxxxoxxxxxxxxxxxxxxxxxxxxxxxxxxxxxxxxxxxxxxxxxxxxx
xxxxxxxxxxxxxxxxxxxxxxxxxxxxxxxxxxoxxxxxxxxxxxxxxx
xxxxxxxxxxxxxxxxxxxxxxxxxxxxxxxxxxxxxxxxxxxxxxxxxx
xxxxxxxxxxxxoxxxxxxxxxxxxxxxxxxxxxxxxxxxxxxxxxxxxx
xxxxxxxxxxxxxxxxxxxxxxxxxxxxxxxxoxxxxxxxxxxxxxxxxx
xxxxxxxxxxxxxxxxxxxxxxxxxxxxxxxxxxxxxxxxxxxxxxxxxx
xxxxxxxxxxxxxxxxxxxxxxxxxxxxxxxxxxoxxxxxxxxxxxxxxx
xxxxxxxxxxxxxxxxxxxxxxxxxxxxxxxxxxxxxxxxxxxxxxxxxx
xxxxxxxxxxxxxxxxxxxxxxxxxxxxxxxxxxxxxxxxxxxxxxxxxx
xxxxxxxxxxxxxxxxxxxxxxxxxxxxxxxxxxxxxxxxxooooooxox
ooooooxxxoooxxxoxooxxooxooxxxoxooooxxooxxoxxxxxxoo
oxooxoxooxxooooxoxxxxxoxxoxxoxxoxoxooxxoxxxoxxoxxx
oxooooooxoxooooxoooooxxooooooxoxoxoooooxoxooxoxoxx
oxooxooxxooxoooxxooxoooooxooooooxxxoxxxoxxxoxoxoox
ooxxoooxoooooxxooxoooooxooxooooxxxxxooxooxoxxoxoxx
xoooxxxoxxoxooxxxoxoxxoooxooxoooooxxooxxxooxoxxoox
xoxooooooooxxxxxxooooxxxooxoxoxoooxxxxooxxoooooxxx
ooooooxoxoxxxxxxoooxoooooxoxoxxxxxoxoxxxoxoooxxoox
xxoxxoxoooxoxoxxxxoooxxxooxooxxxoxoooooxoxxooxxoxx
xoxooxxoxooxoxoooxooooxoxoooxoooxxoooxxxxooxoooooo
ooxoooooxoxoooooooxxoxooxxxxxoxxoooooooxoxooxxoxoo
ooxxoxoxooxoxoxxoooxxooxooxxxooxxoxxoxooooxoooooxx
xxxoooxoxxoxooxoxxooooxxxoooxxoooooxxoxooxoxooxxox
xoooxxxoxooxxoxoxxxxxxooxxxxxoxoxooxoooooooxooooxx
xooxooxxxoxoxoooxooooxoooxxxoxxoxoooooooxoxooooxxo
oxoxxxooxxooooxxxxoxoxxooooxxxoxoooxxxooxxooooxoxo
xooxoooxxooooxxoxoooxooooooooooxoooooooooooooooooo
oooxoxoxxoooooooxxxxooxooooooxooxooxooooooooooooox
oxooxoxoooooooooooooxxoooooxxxoxxooooooooooxoooooo
oooooxooxoxooooxooxoooooooxoxooooxoooooooxooxxxoxx
xoxxxoooooooooxoxoxxxooxooooooooooxooooooxoxoxooox
oooooxoxoxoxoooooxoxxooooooooooooxxooxooxxxooooxoo
oooooxoooxoooxoxoxoxxxoooooxxoxoooxooxoxooxoooxooo
xooooooooooxoooxoooooooooxoxoooooxooxxooooooooooxx
ooooooooxxooooooxxoxoxooxxooxooxxoooxoxooooooooooo
xooooxxoooooxooooxooooooooooooooooooxooxooooxxxxoo
oxxoooxooxoxoxxoxoxoxooxxooooooxxooxoxxoxooooxoooo
oxoxooooxooxxoooooooxooxxooxooxoxxoxooooooooxoxxoo
oooxxoooxooxooxooxoxoooooooooxxoxoxooxxooxoooxooxo
xoooxooxoooooooxooxoooooooxoxoooooxoooxxooooxxxoox
oxoooooxooxoxxooxoxoooxxoooooxxoooooooxoooxooooxxo
oooxxoxxooooooxooxoooooooxoooxoooxxxoxoxoooxoxoxxo
oxxooooooooxooxooooxxoxoxxooooooooooxxxooxooxoxoxo
oooxxxooooooxooooooxoooxxooxxxooooooooxxoooooooxoo
oooooooxooxoooooxooooxoooxxoooxoxxxxoxooooxoxxxoxo
ooxoooxxooxxxoxoxoxoxooooxoooooooxooooooxxoooooxox
oxxoooxoxxooxxxoooxoxooooxooooooxooooxxoxxooooxoxo
xooooooooooooooooxooooxxxoooooooxoooooooooooxooooo
ooooxxoooooooxoooooxoooooxoxxoooooxooxxxxoxxoooooo
xoooxxooooxooxxooooooxoxxooooooxoooooxxoxooooooooo
xooxxxooxxxoooxoxxoxoxooxxoxooxxxooxoxooooooooooxx
oxooooxxoooooooxoxooxoooooooxooooooooxoooooxxooxoo
oxxoooooxoooxooxoxooooooooxoxoooooxooxoooxooxoooox
xoxoooxxxoxoxooooxxoxxxoxxxoxoxxoxoooooooooooooooo
ooxoooooooooooooxoxxoooxooooxoooooxxooxoooxxooooxo
oxxooooooooooxoooooooooxoooxxxoxooxooooxooxxxooooo
xoooooooooooxooxoxooxoooxoxoooxooooooooooxxooxxooo
xoooooooooxooxooxoooooxxoooooooxxooxoxxooooooooxxx
ooooxxxooooooxxoxxoxoxooxxoxxoxoxxxxoooooooxoooooo
xooxxoxxxooooooxooooxoxooxoxooooooxxoooooxxoooxoxo
oxooxxooxoxoxoxooxooxooxoxoxo

mtest> q -f

